// Jest Snapshot v1, https://goo.gl/fbAQLP

exports[`renders the PostArticle component correctly 1`] = `
<div>
  <div
    class="post_body"
  >
    <article
      class="post_content"
    >
      <header
        class="header"
      >
        <a
          class="category"
          href="/categories/Designer"
        >
          Designer
        </a>
        <time
          class="date"
          datetime="2019-08-25"
        >
          Aug 25th, 2019
        </time>
        <h1
          class="title"
        >
          7 UX Deliverables: What will I be making as a UX designer?
        </h1>
        <img
          alt="7 UX Deliverables: What will I be making as a UX designer?"
          class="image"
          src="https://cdn.dribbble.com/assets/art-banners/romainbriaux-284c5096f64764a70b44faa03268b263c4b37365e988446318005ff367ced170.webp"
        />
      </header>
      <div
        class="content"
      >
        <p>
          Test.
        </p>
      </div>
    </article>
    <div
      class="comment_container"
    >
      <h2
        class="title"
      >
        Comment
      </h2>
      <div>
        <form
          class="form"
          id="form"
          name="comment"
        >
          <div
            class="text"
          >
            <label
              for="name"
            >
              Name:
            </label>
            <input
              id="name"
              name="name"
              placeholder="Required"
              type="text"
            />
          </div>
          <div
            class="text"
          >
            <label
              for="email"
            >
              Email:
            </label>
            <input
              id="email"
              name="email"
              placeholder="Required and Validated"
              type="email"
            />
          </div>
          <div
            class="text"
          >
            <label
              for="country"
            >
              Country:
            </label>
            <input
              id="country"
              name="country"
              type="text"
            />
          </div>
          <div
            class="text"
          >
            <label
              for="age"
            >
              Age:
            </label>
            <input
              id="age"
              name="age"
              placeholder="Validated (1-100)"
              type="text"
            />
          </div>
          <div
            class="dropdown"
          >
            <label
              for="gender"
            >
              Gender:
            </label>
            <select
              id="gender"
              name="genderDropdown"
            >
              <option
                value="male"
              >
                Male
              </option>
              <option
                value="female"
              >
                Female
              </option>
              <option
                value="other"
              >
                Other
              </option>
            </select>
          </div>
          <div
            class="dropdown"
          >
            <label
              for="job"
            >
              Job:
            </label>
            <select
              id="job"
              name="jobDropdown"
            >
              <option
                value="programmer"
              >
                Programmer
              </option>
              <option
                value="designer"
              >
                Designer
              </option>
              <option
                value="other"
              >
                Other
              </option>
            </select>
          </div>
          <div
            class="radio"
          >
            <label>
              Response:
            </label>
            <label
              for="responseGood"
            >
              <span
                aria-label="Good"
                role="img"
              >
                üëç
              </span>
            </label>
            <input
              id="responseGood"
              name="response"
              type="radio"
              value="üëç"
            />
            <label
              for="responseFair"
            >
              <span
                aria-label="Fair"
                role="img"
              >
                ü§î
              </span>
            </label>
            <input
              id="responseFair"
              name="response"
              type="radio"
              value="ü§î"
            />
            <label
              for="responseBad"
            >
              <span
                aria-label="Bad"
                role="img"
              >
                üëé
              </span>
            </label>
            <input
              id="responseBad"
              name="response"
              type="radio"
              value="üëé"
            />
          </div>
          <div
            class="comment_content"
          >
            <label
              for="commentContent"
            >
              Content
            </label>
            <textarea
              cols="50"
              id="commentContent"
              name="content"
              placeholder="Required"
              rows="4"
            />
          </div>
          <input
            class="button"
            type="submit"
            value="Send"
          />
        </form>
      </div>
    </div>
  </div>
</div>
`;
