// Jest Snapshot v1, https://goo.gl/fbAQLP

exports[`renders the Comment component correctly 1`] = `
<div>
  <div
    class="comment_container"
  >
    <h2
      class="title"
    >
      Comment
    </h2>
    <div>
      <form
        class="form"
        id="form"
        name="comment"
      >
        <div
          class="text"
        >
          <label
            for="name"
          >
            Name:
          </label>
          <input
            id="name"
            name="name"
            placeholder="Required"
            type="text"
          />
        </div>
        <div
          class="text"
        >
          <label
            for="email"
          >
            Email:
          </label>
          <input
            id="email"
            name="email"
            placeholder="Required and Validated"
            type="email"
          />
        </div>
        <div
          class="text"
        >
          <label
            for="country"
          >
            Country:
          </label>
          <input
            id="country"
            name="country"
            type="text"
          />
        </div>
        <div
          class="text"
        >
          <label
            for="age"
          >
            Age:
          </label>
          <input
            id="age"
            name="age"
            placeholder="Validated (1-100)"
            type="text"
          />
        </div>
        <div
          class="dropdown"
        >
          <label
            for="gender"
          >
            Gender:
          </label>
          <select
            id="gender"
            name="genderDropdown"
          >
            <option
              value="male"
            >
              Male
            </option>
            <option
              value="female"
            >
              Female
            </option>
            <option
              value="other"
            >
              Other
            </option>
          </select>
        </div>
        <div
          class="dropdown"
        >
          <label
            for="job"
          >
            Job:
          </label>
          <select
            id="job"
            name="jobDropdown"
          >
            <option
              value="programmer"
            >
              Programmer
            </option>
            <option
              value="designer"
            >
              Designer
            </option>
            <option
              value="other"
            >
              Other
            </option>
          </select>
        </div>
        <div
          class="radio"
        >
          <label>
            Response:
          </label>
          <label
            for="responseGood"
          >
            <span
              aria-label="Good"
              role="img"
            >
              üëç
            </span>
          </label>
          <input
            id="responseGood"
            name="response"
            type="radio"
            value="üëç"
          />
          <label
            for="responseFair"
          >
            <span
              aria-label="Fair"
              role="img"
            >
              ü§î
            </span>
          </label>
          <input
            id="responseFair"
            name="response"
            type="radio"
            value="ü§î"
          />
          <label
            for="responseBad"
          >
            <span
              aria-label="Bad"
              role="img"
            >
              üëé
            </span>
          </label>
          <input
            id="responseBad"
            name="response"
            type="radio"
            value="üëé"
          />
        </div>
        <div
          class="comment_content"
        >
          <label
            for="commentContent"
          >
            Content
          </label>
          <textarea
            cols="50"
            id="commentContent"
            name="content"
            placeholder="Required"
            rows="4"
          />
        </div>
        <input
          class="button"
          type="submit"
          value="Send"
        />
      </form>
    </div>
  </div>
</div>
`;
