// Jest Snapshot v1, https://goo.gl/fbAQLP

exports[`renders the Archives component correctly 1`] = `
<div>
  <div
    class="archives_body"
  >
    <article
      class="list"
    >
      <h1
        class="title"
      >
        Archives
        <span
          aria-label="Archive"
          role="img"
        >
          ðŸ—„
        </span>
      </h1>
      <div>
        <h1
          class="year"
        >
          2019
        </h1>
        <a
          class="post_link"
          href="/post/ux-designer"
        >
          <div
            class="item"
          >
            <img
              alt="ux-designer"
              class="small_image"
              src="https://cdn.dribbble.com/assets/art-banners/romainbriaux-284c5096f64764a70b44faa03268b263c4b37365e988446318005ff367ced170.webp"
            />
            <article
              class="content"
            >
              <header
                class="info"
              >
                <time
                  class="date"
                  datetime="2019-08-25"
                >
                  Aug 25th, 2019
                </time>
                <span
                  class="category"
                >
                  Designer
                </span>
              </header>
              <h2
                class="title"
              >
                7 UX Deliverables: What will I be making as a UX designer?
              </h2>
            </article>
          </div>
        </a>
      </div>
    </article>
  </div>
</div>
`;
